scons: Reading SConscript files ...
Mkdir("/Data/longting.du/work/public-gem5/build/RISCV/gem5.build")
Checking for linker -Wl,--as-needed support... (cached) yes
Checking for linker -fuse-ld=gold support... (cached) yes
Checking for linker -Wl,--threads support... (cached) yes
Checking for linker -Wl,--thread-count=32 support... (cached) yes
Checking for compiler -gz support... (cached) yes
Checking for linker -gz support... (cached) yes
Info: Using Python config: python3-config
Checking for C header file Python.h... (cached) yes
Checking Python version... (cached) 3.10.12
Checking for accept(0,0,0) in C++ library None... (cached) yes
Checking for zlibVersion() in C++ library z... (cached) yes
Checking for C library tcmalloc_minimal... (cached) yes
Building in /Data/longting.du/work/public-gem5/build/RISCV
"build_tools/kconfig_base.py" "/Data/longting.du/work/public-gem5/build/RISCV/gem5.build/Kconfig" "/Data/longting.du/work/public-gem5/src/Kconfig"
Checking for C header file linux/if_tun.h... (cached) yes
Checking for C header file fenv.h... (cached) yes
Checking for C header file png.h... (cached) no
Warning: Header file <png.h> not found.
         This host has no libpng library.
         Disabling support for PNG framebuffers.
Checking for clock_nanosleep(0,0,NULL,NULL) in C library None... (cached) yes
Checking for C header file valgrind/valgrind.h... (cached) yes
Checking for pkg-config package hdf5-serial... (cached) no
Checking for pkg-config package hdf5... (cached) no
Checking for H5Fcreate("", 0, 0, 0) in C library hdf5... (cached) no
Warning: Couldn't find HDF5 C++ libraries. Disabling HDF5 support.
Checking size of struct kvm_xsave ... (cached) yes
Checking for shm_open("/test", 0, 0) in C library None... (cached) yes
Checking for pkg-config package protobuf... (cached) yes
Checking for backtrace_symbols_fd((void *)1, 0, 0) in C library None... (cached) yes
Checking for C header file capstone/capstone.h... (cached) no
Warning: Header file <capstone/capstone.h> not found.
         This host has no capstone library installed.
Checking for C header file linux/kvm.h... (cached) yes
Checking for timer_create(CLOCK_MONOTONIC, NULL, NULL) in C library None... (cached) yes
Checking for member exclude_host in struct perf_event_attr...(cached) yes
Checking whether __i386__ is declared... (cached) no
Checking whether __x86_64__ is declared... (cached) yes
Checking for compiler -Wno-self-assign-overloaded support... (cached) yes
Checking for linker -Wno-free-nonheap-object support... (cached) yes
scons: done reading SConscript files.
scons: Building targets ...
 [     CXX] RISCV/python/_m5/param_HiFiveBase.cc -> .o
 [     CXX] RISCV/python/_m5/param_LupV.cc -> .o
 [     CXX] RISCV/python/_m5/param_Clint.cc -> .o
 [     CXX] RISCV/python/_m5/param_PlicBase.cc -> .o
 [     CXX] RISCV/python/_m5/param_Plic.cc -> .o
 [     CXX] RISCV/python/_m5/param_RiscvMmioVirtIO.cc -> .o
 [     CXX] src/dev/riscv/hifive.cc -> RISCV/dev/riscv/hifive.o
 [     CXX] src/dev/riscv/lupv.cc -> RISCV/dev/riscv/lupv.o
 [     CXX] src/dev/riscv/clint.cc -> RISCV/dev/riscv/clint.o
 [     CXX] src/dev/riscv/plic.cc -> RISCV/dev/riscv/plic.o
 [     CXX] src/dev/riscv/vio_mmio.cc -> RISCV/dev/riscv/vio_mmio.o
 [     CXX] RISCV/python/_m5/param_LupioBLK.cc -> .o
 [     CXX] RISCV/python/_m5/param_LupioIPI.cc -> .o
 [     CXX] RISCV/python/_m5/param_LupioPIC.cc -> .o
 [     CXX] RISCV/python/_m5/param_LupioTMR.cc -> .o
 [     CXX] RISCV/python/_m5/param_LupioTTY.cc -> .o
 [     CXX] src/dev/lupio/lupio_blk.cc -> RISCV/dev/lupio/lupio_blk.o
 [     CXX] src/dev/lupio/lupio_ipi.cc -> RISCV/dev/lupio/lupio_ipi.o
 [     CXX] src/dev/lupio/lupio_pic.cc -> RISCV/dev/lupio/lupio_pic.o
 [     CXX] src/dev/lupio/lupio_tmr.cc -> RISCV/dev/lupio/lupio_tmr.o
 [     CXX] src/dev/lupio/lupio_tty.cc -> RISCV/dev/lupio/lupio_tty.o
 [     CXX] src/arch/riscv/decoder.cc -> RISCV/arch/riscv/decoder.o
 [     CXX] src/arch/riscv/faults.cc -> RISCV/arch/riscv/faults.o
 [     CXX] src/arch/riscv/interrupts.cc -> RISCV/arch/riscv/interrupts.o
 [     CXX] src/arch/riscv/isa.cc -> RISCV/arch/riscv/isa.o
 [     CXX] src/arch/riscv/process.cc -> RISCV/arch/riscv/process.o
 [     CXX] src/arch/riscv/pagetable_walker.cc -> RISCV/arch/riscv/pagetable_walker.o
 [     CXX] src/arch/riscv/pma_checker.cc -> RISCV/arch/riscv/pma_checker.o
 [     CXX] src/arch/riscv/pmp.cc -> RISCV/arch/riscv/pmp.o
 [     CXX] src/arch/riscv/remote_gdb.cc -> RISCV/arch/riscv/remote_gdb.o
 [     CXX] src/arch/riscv/semihosting.cc -> RISCV/arch/riscv/semihosting.o
 [     CXX] src/arch/riscv/tlb.cc -> RISCV/arch/riscv/tlb.o
 [     CXX] src/arch/riscv/linux/fs_workload.cc -> RISCV/arch/riscv/linux/fs_workload.o
 [     CXX] src/arch/riscv/bare_metal/fs_workload.cc -> RISCV/arch/riscv/bare_metal/fs_workload.o
 [     CXX] RISCV/python/_m5/param_PMP.cc -> .o
 [     CXX] RISCV/python/_m5/param_RiscvDecoder.cc -> .o
 [     CXX] RISCV/python/_m5/param_RiscvBareMetal.cc -> .o
 [     CXX] RISCV/python/_m5/param_RiscvLinux.cc -> .o
 [     CXX] RISCV/python/_m5/param_RiscvBootloaderKernelWorkload.cc -> .o
 [     CXX] RISCV/python/_m5/param_RiscvInterrupts.cc -> .o
 [     CXX] RISCV/python/_m5/param_RiscvISA.cc -> .o
 [     CXX] RISCV/python/_m5/param_RiscvMMU.cc -> .o
 [     CXX] RISCV/python/_m5/param_RiscvSemihosting.cc -> .o
 [     CXX] RISCV/python/_m5/param_RiscvPagetableWalker.cc -> .o
 [     CXX] RISCV/python/_m5/param_RiscvTLB.cc -> .o
 [     CXX] RISCV/arch/riscv/generated/decoder.cc -> .o
 [     CXX] RISCV/arch/riscv/generated/inst-constrs.cc -> .o
 [     CXX] RISCV/arch/riscv/generated/generic_cpu_exec.cc -> .o
 [     CXX] src/arch/riscv/insts/amo.cc -> RISCV/arch/riscv/insts/amo.o
 [     CXX] src/arch/riscv/insts/bs.cc -> RISCV/arch/riscv/insts/bs.o
 [     CXX] src/arch/riscv/insts/compressed.cc -> RISCV/arch/riscv/insts/compressed.o
 [     CXX] src/arch/riscv/insts/mem.cc -> RISCV/arch/riscv/insts/mem.o
 [     CXX] src/arch/riscv/insts/standard.cc -> RISCV/arch/riscv/insts/standard.o
 [     CXX] src/arch/riscv/insts/static_inst.cc -> RISCV/arch/riscv/insts/static_inst.o
 [     CXX] src/arch/riscv/insts/vector.cc -> RISCV/arch/riscv/insts/vector.o
 [VER TAGS]  -> RISCV/sim/tags.cc
 [     CXX] src/cpu/base.cc -> RISCV/cpu/base.o
 [     CXX] RISCV/python/_m5/param_MPP_TAGE.cc -> .o
 [     CXX] RISCV/python/_m5/param_MPP_StatisticalCorrector_64KB.cc -> .o
 [     CXX] RISCV/python/_m5/param_MultiperspectivePerceptronTAGE64KB.cc -> .o
 [     CXX] RISCV/python/_m5/param_MPP_TAGE_8KB.cc -> .o
 [     CXX] src/cpu/pred/simple_indirect.cc -> RISCV/cpu/pred/simple_indirect.o
 [     CXX] src/cpu/pred/indirect.cc -> RISCV/cpu/pred/indirect.o
 [ TRACING]  -> RISCV/debug/RAS.hh
 [     CXX] src/cpu/pred/tournament.cc -> RISCV/cpu/pred/tournament.o
 [     CXX] src/cpu/pred/bi_mode.cc -> RISCV/cpu/pred/bi_mode.o
 [ TRACING]  -> RISCV/debug/Tage.hh
 [     CXX] src/cpu/pred/ras.cc -> RISCV/cpu/pred/ras.o
 [     CXX] src/cpu/pred/tage_base.cc -> RISCV/cpu/pred/tage_base.o
 [     CXX] src/cpu/pred/tage.cc -> RISCV/cpu/pred/tage.o
 [ TRACING]  -> RISCV/debug/LTage.hh
 [     CXX] src/cpu/pred/loop_predictor.cc -> RISCV/cpu/pred/loop_predictor.o
 [     CXX] src/cpu/pred/ltage.cc -> RISCV/cpu/pred/ltage.o
 [     CXX] src/cpu/pred/multiperspective_perceptron.cc -> RISCV/cpu/pred/multiperspective_perceptron.o
 [     CXX] src/cpu/pred/multiperspective_perceptron_8KB.cc -> RISCV/cpu/pred/multiperspective_perceptron_8KB.o
scons: building terminated because of errors.
*** Summary of Warnings ***
Warning: Header file <png.h> not found.
         This host has no libpng library.
         Disabling support for PNG framebuffers.
Warning: Couldn't find HDF5 C++ libraries. Disabling HDF5 support.
Warning: Header file <capstone/capstone.h> not found.
         This host has no capstone library installed.
